
[1m[46m RUN [49m[22m [36mv4.0.17 [39m[90mC:/Users/Acer/Videos/iron4[39m

 [31mΓ¥»[39m test/governance/escalation.test.ts [2m([22m[2m7 tests[22m[2m | [22m[31m4 failed[39m[2m)[22m[32m 17[2mms[22m[39m
     [32mΓ£ô[39m freezes release when active exceptions exceed threshold[32m 3[2mms[22m[39m
     [32mΓ£ô[39m escalates to governance approval when repeated scope hotspots are detected[32m 1[2mms[22m[39m
[31m     [31m├ù[31m pre-emptively freezes release when risk acceleration is detected[39m[32m 7[2mms[22m[39m
[31m     [31m├ù[31m triggers escalation based on deterministic confidence bands[39m[32m 1[2mms[22m[39m
     [32mΓ£ô[39m triggers targeted escalation based on scenario-specific confidence bands[32m 1[2mms[22m[39m
[31m     [31m├ù[31m closes SLA only when MIS proves impact (Evidence-Based Clearance)[39m[32m 2[2mms[22m[39m
[31m     [31m├ù[31m ranks mitigation suggestions by provable worst-case impact (AMSR)[39m[32m 1[2mms[22m[39m
node.exe : 
At line:1 char:1
+ & "C:\Program 
Files\nodejs/node.exe" "C:\
Users\Acer\AppData\Roaming\
n ...
+ ~~~~~~~~~~~~~~~~~~~~~~~~~
~~~~~~~~~~~~~~~~~~~~~~~~~~~
~~~~~~~~~~~~~~~~~
    + CategoryInfo         
     : NotSpecified: (:St  
  ring) [], RemoteExcept   
 ion
    + FullyQualifiedErrorI 
   d : NativeCommandError
 
[31mΓÄ»ΓÄ»ΓÄ»ΓÄ»ΓÄ»ΓÄ»ΓÄ»
[39m[1m[41m Failed Tests 
4 [49m[22m[31mΓÄ»ΓÄ»ΓÄ»Γ
Ä»ΓÄ»ΓÄ»ΓÄ»[39m

[41m[1m FAIL [22m[49m t
est/governance/escalation.t
est.ts[2m > 
[22mAuto-Escalation 
Governance Loop[2m > 
[22mpre-emptively freezes 
release when risk 
acceleration is detected
[31m[1mAssertionError[22
m: expected 'notify' to be 
'pre-freeze' // Object.is 
equality[39m

Expected: 
[32m"pre-freeze"[39m
Received: 
[31m"notify"[39m

[36m [2mΓ¥»[22m test/gov
ernance/escalation.test.ts:
[2m154:34[22m[39m
    [90m152| [39m
    [90m153| [39m
    [90m154| [39m        
[34mexpect[39m(escalation
[33m.[39mlevel)[33m.[39
m[34mtoBe[39m([32m"pre-f
reeze"[39m)
    [90m   | [39m        
                         
[31m^[39m
    [90m155| [39m        
[34mexpect[39m(escalation
[33m.[39mactiveRules)[33
m.[39m[34mtoContain[39m(
[32m"PRED-001"[39m)
    [90m156| [39m

[31m[2mΓÄ»ΓÄ»ΓÄ»ΓÄ»ΓÄ»ΓÄ»
ΓÄ»ΓÄ»ΓÄ»ΓÄ»ΓÄ»ΓÄ»ΓÄ»ΓÄ»ΓÄ»
ΓÄ»ΓÄ»ΓÄ»ΓÄ»ΓÄ»ΓÄ»ΓÄ»ΓÄ»ΓÄ»
[1/4]ΓÄ»[22m[39m

[41m[1m FAIL [22m[49m t
est/governance/escalation.t
est.ts[2m > 
[22mAuto-Escalation 
Governance Loop[2m > 
[22mtriggers escalation 
based on deterministic 
confidence bands
[31m[1mAssertionError[22
m: expected 'notify' to be 
'pre-freeze' // Object.is 
equality[39m

Expected: 
[32m"pre-freeze"[39m
Received: 
[31m"notify"[39m

[36m [2mΓ¥»[22m test/gov
ernance/escalation.test.ts:
[2m206:34[22m[39m
    [90m204| [39m        
const escalation = evaluate
Escalations(metrics, [], 
[predictivΓÇª
    [90m205| [39m
    [90m206| [39m        
[34mexpect[39m(escalation
[33m.[39mlevel)[33m.[39
m[34mtoBe[39m([32m"pre-f
reeze"[39m)
    [90m   | [39m        
                         
[31m^[39m
    [90m207| [39m        
[34mexpect[39m(escalation
[33m.[39mactiveRules)[33
m.[39m[34mtoContain[39m(
[32m"PRED-CONF-001"[39m)
    [90m208| [39m    })

[31m[2mΓÄ»ΓÄ»ΓÄ»ΓÄ»ΓÄ»ΓÄ»
ΓÄ»ΓÄ»ΓÄ»ΓÄ»ΓÄ»ΓÄ»ΓÄ»ΓÄ»ΓÄ»
ΓÄ»ΓÄ»ΓÄ»ΓÄ»ΓÄ»ΓÄ»ΓÄ»ΓÄ»ΓÄ»
[2/4]ΓÄ»[22m[39m

[41m[1m FAIL [22m[49m t
est/governance/escalation.t
est.ts[2m > 
[22mAuto-Escalation 
Governance Loop[2m > 
[22mcloses SLA only when 
MIS proves impact 
(Evidence-Based Clearance)
[31m[1mAssertionError[22
m: expected 'insufficient' 
to be 'sufficient' // 
Object.is equality[39m

Expected: 
[32m"sufficient"[39m
Received: [31m"[7min[27m
sufficient"[39m

[36m [2mΓ¥»[22m test/gov
ernance/escalation.test.ts:
[2m287:39[22m[39m
    [90m285| [39m        
    horizonDays[33m:[39m 
[34m7[39m
    [90m286| [39m        
}[33m,[39m 
[32m"MIT-2"[39m)
    [90m287| [39m        
[34mexpect[39m(misSuffici
ent[33m.[39mverdict)[33m
.[39m[34mtoBe[39m([32m"
sufficient"[39m)
    [90m   | [39m        
                           
   [31m^[39m
    [90m288| [39m
    [90m289| [39m        
const e3 = evaluateEscalati
ons(metrics, [], [], [], { 
[scenariΓÇª

[31m[2mΓÄ»ΓÄ»ΓÄ»ΓÄ»ΓÄ»ΓÄ»
ΓÄ»ΓÄ»ΓÄ»ΓÄ»ΓÄ»ΓÄ»ΓÄ»ΓÄ»ΓÄ»
ΓÄ»ΓÄ»ΓÄ»ΓÄ»ΓÄ»ΓÄ»ΓÄ»ΓÄ»ΓÄ»
[3/4]ΓÄ»[22m[39m

[41m[1m FAIL [22m[49m t
est/governance/escalation.t
est.ts[2m > 
[22mAuto-Escalation 
Governance Loop[2m > 
[22mranks mitigation 
suggestions by provable 
worst-case impact (AMSR)
[31m[1mAssertionError[22
m: expected 'insufficient' 
to be 'sufficient' // 
Object.is equality[39m

Expected: 
[32m"sufficient"[39m
Received: [31m"[7min[27m
sufficient"[39m

[36m [2mΓ¥»[22m test/gov
ernance/escalation.test.ts:
[2m315:52[22m[39m
    [90m313| [39m        
[34mexpect[39m(suggestion
s[33m.[39mlength)[33m.[
39m[34mtoBeGreaterThan[39
m([34m0[39m)
    [90m314| [39m        
[34mexpect[39m(suggestion
s[[34m0[39m][33m![39m[
33m.[39mrank)[33m.[39m[
34mtoBe[39m([34m1[39m)
    [90m315| [39m        
[34mexpect[39m(suggestion
s[[34m0[39m][33m![39m[
33m.[39mmisSummary[33m.[
39mverdict)[33m.[39m[34m
toBe[39m([32m"sufficient"
[39m)
    [90m   | [39m        
                           
                [31m^[39m
    [90m316| [39m        
[34mexpect[39m(suggestion
s[[34m0[39m][33m![39m[
33m.[39mscores[33m.[39mi
mpactScore)[33m.[39m[34m
toBeGreaterThan[39m([34m0
[39m)
    [90m317| [39m    })

[31m[2mΓÄ»ΓÄ»ΓÄ»ΓÄ»ΓÄ»ΓÄ»
ΓÄ»ΓÄ»ΓÄ»ΓÄ»ΓÄ»ΓÄ»ΓÄ»ΓÄ»ΓÄ»
ΓÄ»ΓÄ»ΓÄ»ΓÄ»ΓÄ»ΓÄ»ΓÄ»ΓÄ»ΓÄ»
[4/4]ΓÄ»[22m[39m


[2m Test Files [22m [1m[31m1 failed[39m[22m[90m (1)[39m
[2m      Tests [22m [1m[31m4 failed[39m[22m[2m | [22m[1m[32m3 passed[39m[22m[90m (7)[39m
[2m   Start at [22m 05:25:24
[2m   Duration [22m 334ms[2m (transform 110ms, setup 0ms, import 136ms, tests 17ms, environment 0ms)[22m

