src/core/verify_schema.ts(2,17): error TS2724: '"./state.js"' has no exported member named 'StateId'. Did you mean 'State'?
src/core/verify_schema.ts(13,5): error TS2578: Unused '@ts-expect-error' directive.
